// Vitest Snapshot v1, https://vitest.dev/guide/snapshot.html

exports[`Joi description to Zod describe 1`] = `
"import Joi from 'joi';

export const employee = Joi.object().keys({
  nickname: Joi.string()
    .required()
    .min(3)
    .max(20)
    .describe('Nickname')
    .regex(/^[a-z]+$/, { name: 'alpha', invert: true }),
});
"
`;
