id: joi-remove-import
snapshots:
  import Joi from "joi":
    fixed: ''
    labels:
    - source: import Joi from "joi"
      style: primary
      start: 0
      end: 21
  ? |
    import Joi from "joi";
    import z from "zod";
  : fixed: |2

      import z from "zod";
    labels:
    - source: import Joi from "joi";
      style: primary
      start: 0
      end: 22
    - source: import z from "zod";
      style: secondary
      start: 23
      end: 43
    - source: |
        import Joi from "joi";
        import z from "zod";
      style: secondary
      start: 0
      end: 44
  import Joi from 'joi':
    fixed: ''
    labels:
    - source: import Joi from 'joi'
      style: primary
      start: 0
      end: 21
  ? |
    import Joi from 'joi';
    import z from 'zod';
  : fixed: |2

      import z from 'zod';
    labels:
    - source: import Joi from 'joi';
      style: primary
      start: 0
      end: 22
    - source: import z from 'zod';
      style: secondary
      start: 23
      end: 43
    - source: |
        import Joi from 'joi';
        import z from 'zod';
      style: secondary
      start: 0
      end: 44
